--------------------------------------------------------------------------------
Release 14.7 Trace  (nt64)
Copyright (c) 1995-2013 Xilinx, Inc.  All rights reserved.

C:\eda\Xilinx\14.7\ISE_DS\ISE\bin\nt64\unwrapped\trce.exe -intstyle ise -v 3 -s
3 -n 3 -fastpaths -xml poetic_circuit.twx poetic_circuit.ncd -o
poetic_circuit.twr poetic_circuit.pcf

Design file:              poetic_circuit.ncd
Physical constraint file: poetic_circuit.pcf
Device,package,speed:     xc6slx150,fgg484,C,-3 (PRODUCTION 1.23 2013-10-13)
Report level:             verbose report

Environment Variable      Effect 
--------------------      ------ 
NONE                      No environment variables were set
--------------------------------------------------------------------------------

INFO:Timing:2698 - No timing constraints found, doing default enumeration.
INFO:Timing:3412 - To improve timing, see the Timing Closure User Guide (UG612).
INFO:Timing:2752 - To get complete path coverage, use the unconstrained paths 
   option. All paths that are not constrained will be reported in the 
   unconstrained paths section(s) of the report.
INFO:Timing:3339 - The clock-to-out numbers in this timing report are based on 
   a 50 Ohm transmission line loading model.  For the details of this model, 
   and for more information on accounting for different loading conditions, 
   please see the device datasheet.



Data Sheet report:
-----------------
All values displayed in nanoseconds (ns)

Setup/Hold to clock clock
------------+------------+------------+------------+------------+------------------+--------+
            |Max Setup to|  Process   |Max Hold to |  Process   |                  | Clock  |
Source      | clk (edge) |   Corner   | clk (edge) |   Corner   |Internal Clock(s) | Phase  |
------------+------------+------------+------------+------------+------------------+--------+
ADC0_SDO    |    5.336(R)|      SLOW  |   -3.086(R)|      FAST  |clock_BUFGP       |   0.000|
USB_TX      |    4.025(R)|      SLOW  |   -1.049(R)|      FAST  |clock_BUFGP       |   0.000|
reset_N     |    3.623(R)|      SLOW  |   -1.916(R)|      FAST  |clock_BUFGP       |   0.000|
------------+------------+------------+------------+------------+------------------+--------+

Clock clock to Pad
------------+-----------------+------------+-----------------+------------+------------------+--------+
            |Max (slowest) clk|  Process   |Min (fastest) clk|  Process   |                  | Clock  |
Destination |  (edge) to PAD  |   Corner   |  (edge) to PAD  |   Corner   |Internal Clock(s) | Phase  |
------------+-----------------+------------+-----------------+------------+------------------+--------+
ADC0_CS     |        12.773(R)|      SLOW  |         7.433(R)|      FAST  |clock_BUFGP       |   0.000|
ADC_SCLK    |        14.730(R)|      SLOW  |         8.646(R)|      FAST  |clock_BUFGP       |   0.000|
DAC_SCLK    |        15.079(R)|      SLOW  |         8.880(R)|      FAST  |clock_BUFGP       |   0.000|
DAC_SDO     |        14.479(R)|      SLOW  |         8.533(R)|      FAST  |clock_BUFGP       |   0.000|
DAC_SYNC    |        14.633(R)|      SLOW  |         8.629(R)|      FAST  |clock_BUFGP       |   0.000|
LED0_1      |        10.395(R)|      SLOW  |         6.119(R)|      FAST  |clock_BUFGP       |   0.000|
Sa_bot      |        14.801(R)|      SLOW  |         7.275(R)|      FAST  |clock_BUFGP       |   0.000|
Sa_top      |        17.656(R)|      SLOW  |         8.973(R)|      FAST  |clock_BUFGP       |   0.000|
Sb_bot      |        13.794(R)|      SLOW  |         6.682(R)|      FAST  |clock_BUFGP       |   0.000|
Sb_top      |        13.745(R)|      SLOW  |         6.659(R)|      FAST  |clock_BUFGP       |   0.000|
Sc_bot      |        13.478(R)|      SLOW  |         6.535(R)|      FAST  |clock_BUFGP       |   0.000|
Sc_top      |        13.391(R)|      SLOW  |         6.434(R)|      FAST  |clock_BUFGP       |   0.000|
USB_RX      |        16.050(R)|      SLOW  |         9.070(R)|      FAST  |clock_BUFGP       |   0.000|
------------+-----------------+------------+-----------------+------------+------------------+--------+

Clock to Setup on destination clock clock
---------------+---------+---------+---------+---------+
               | Src:Rise| Src:Fall| Src:Rise| Src:Fall|
Source Clock   |Dest:Rise|Dest:Rise|Dest:Fall|Dest:Fall|
---------------+---------+---------+---------+---------+
clock          |   10.485|         |         |         |
---------------+---------+---------+---------+---------+

Pad to Pad
---------------+---------------+---------+
Source Pad     |Destination Pad|  Delay  |
---------------+---------------+---------+
Hall_A         |Sb_bot         |    8.461|
Hall_A         |Sb_top         |    8.412|
Hall_A         |Sc_bot         |   11.193|
Hall_A         |Sc_top         |   11.106|
Hall_B         |Sa_bot         |    8.563|
Hall_B         |Sa_top         |   11.418|
Hall_B         |Sc_bot         |   10.549|
Hall_B         |Sc_top         |   10.462|
Hall_C         |Sa_bot         |    8.740|
Hall_C         |Sa_top         |   11.595|
Hall_C         |Sb_bot         |    8.545|
Hall_C         |Sb_top         |    8.496|
---------------+---------------+---------+


Analysis completed Tue Aug 17 20:16:22 2021 
--------------------------------------------------------------------------------

Trace Settings:
-------------------------
Trace Settings 

Peak Memory Usage: 4812 MB



